
> client@0.1.0 build
> next build

Γû▓ Next.js 16.1.6 (Turbopack)
- Experiments (use with caution):
  ┬╖ optimizePackageImports

  Creating an optimized production build ...
node.exe : 
At line:1 char:1
+ & "C:\Program Files\nodejs/node.exe" "C:\Program Files\nodejs/node_mo ...
+ ~~~~~~~~~~~~~~~~~~~~~~~~~~~~~~~~~~~~~~~~~~~~~~~~~~~~~~~~~~~~~~~~~~~~~
    + CategoryInfo          : NotSpecified: (:String) [], RemoteException
    + FullyQualifiedErrorId : NativeCommandError
 
> Build error occurred
Error: Turbopack build failed with 1 errors:
./src/app/globals.css
Error evaluating Node.js code
Error: Cannot depend on path (\\?\UNC\Phantasm_space\Phantasm\Meghana\Careerinte
l\client\src\components\ui\Textarea.jsx) outside of root directory 
(Z:\Meghana\Careerintel\client)
    at toPath (turbopack:///[turbopack-node]/transforms/transforms.ts:51:11) [Z:
\Meghana\Careerintel\client\.next\build\chunks\[root-of-the-server]__51225daf._.
js:53:15]
    at transform (turbopack:///[turbopack-node]/transforms/postcss.ts:102:30) [Z
:\Meghana\Careerintel\client\.next\build\chunks\[root-of-the-server]__51225daf._
.js:169:174]
    at async run (turbopack:///[turbopack-node]/ipc/evaluate.ts:92:23) [Z:\Megha
na\Careerintel\client\.next\build\chunks\[root-of-the-server]__974941ed._.js:443
:31]

Import trace:
  Client Component Browser:
    ./src/app/globals.css [Client Component Browser]
    ./src/app/layout.jsx [Server Component]


    at toPath (turbopack:///[turbopack-node]/transforms/transforms.ts:51:11) [Z:
\Meghana\Careerintel\client\.next\build\chunks\[root-of-the-server]__51225daf._.
js:53:15])
    at transform (turbopack:///[turbopack-node]/transforms/postcss.ts:102:30) [Z
:\Meghana\Careerintel\client\.next\build\chunks\[root-of-the-server]__51225daf._
.js:169:174])
    at async run (turbopack:///[turbopack-node]/ipc/evaluate.ts:92:23) [Z:\Megha
na\Careerintel\client\.next\build\chunks\[root-of-the-server]__974941ed._.js:443
:31])
